[INFO] Scanning for projects...
[INFO] 
[INFO] --------------------< com.reservation:booking_api >---------------------
[INFO] Building booking 1.0.0
[INFO]   from pom.xml
[INFO] --------------------------------[ jar ]---------------------------------
[WARNING] The artifact mysql:mysql-connector-java:jar:8.0.33 has been relocated to com.mysql:mysql-connector-j:jar:8.0.33: MySQL Connector/J artifacts moved to reverse-DNS compliant Maven 2+ coordinates.
[INFO] 
[INFO] --- frontend:1.15.1:install-node-and-npm (install-node-npm) @ booking_api ---
[INFO] Node v20.11.1 is already installed.
[INFO] NPM 10.2.4 is already installed.
[INFO] 
[INFO] --- resources:3.3.1:resources (default-resources) @ booking_api ---
[INFO] Copying 0 resource from src\main\java to target\classes
[INFO] Copying 40 resources from src\main\resources to target\classes
[INFO] 
[INFO] --- compiler:3.12.1:compile (default-compile) @ booking_api ---
[INFO] Nothing to compile - all classes are up to date.
[INFO] 
[INFO] --- resources:3.3.1:testResources (default-testResources) @ booking_api ---
[INFO] skip non existing resourceDirectory C:\Users\Administrator\WorkBuddy\2026-08-30-17-19-24\api\src\test\resources
[INFO] 
[INFO] --- compiler:3.12.1:testCompile (default-testCompile) @ booking_api ---
[INFO] No sources to compile
[INFO] 
[INFO] --- surefire:3.2.5:test (default-test) @ booking_api ---
[INFO] Tests are skipped.
[INFO] 
[INFO] --- frontend:1.15.1:npm (npm-install) @ booking_api ---
[INFO] Running 'npm install' in C:\Users\Administrator\WorkBuddy\2026-08-30-17-19-24\api
[INFO] 
[INFO] up to date, audited 43 packages in 4s
[INFO] 
[INFO] 7 packages are looking for funding
[INFO]   run `npm fund` for details
[INFO] 
[INFO] found 0 vulnerabilities
[INFO] 
[INFO] --- frontend:1.15.1:npm (npm-build-platform) @ booking_api ---
[INFO] Running 'npm run build' in C:\Users\Administrator\WorkBuddy\2026-08-30-17-19-24\api
[INFO] 
[INFO] > springboot-static-lib@1.0.0 build
[INFO] > node build-platform.js
[INFO] 
[INFO]   PLATFORM JS platform-admin-config-industry.js      6338 -> 5111
[INFO]   PLATFORM JS platform-admin-config-term.js          16949 -> 12947
[INFO]   PLATFORM JS platform-admin-config.js               5596 -> 4310
[INFO]   PLATFORM JS platform-admin-dashboard.js            10791 -> 8661
[INFO]   PLATFORM JS platform-admin-package.js              16385 -> 13576
[INFO]   PLATFORM JS platform-admin-tenant.js               11391 -> 9128
[INFO]   PLATFORM JS platform-admin-user.js                 17578 -> 13996
[INFO] === platform-admin build done: 7 file(s) -> C:\Users\Administrator\WorkBuddy\2026-08-30-17-19-24\api\target\classes\static\js ===
[INFO] 
[INFO] --- jar:3.4.2:jar (default-jar) @ booking_api ---
[INFO] Building jar: C:\Users\Administrator\WorkBuddy\2026-08-30-17-19-24\api\target\booking_api-1.0.0.jar
[INFO] 
[INFO] --- spring-boot:3.3.5:repackage (repackage) @ booking_api ---
[INFO] Replacing main artifact C:\Users\Administrator\WorkBuddy\2026-08-30-17-19-24\api\target\booking_api-1.0.0.jar with repackaged archive, adding nested dependencies in BOOT-INF/.
[INFO] The original artifact has been renamed to C:\Users\Administrator\WorkBuddy\2026-08-30-17-19-24\api\target\booking_api-1.0.0.jar.original
[INFO] 
[INFO] --- spring-boot:3.3.5:repackage (default) @ booking_api ---
[INFO] Replacing main artifact C:\Users\Administrator\WorkBuddy\2026-08-30-17-19-24\api\target\booking_api-1.0.0.jar with repackaged archive, adding nested dependencies in BOOT-INF/.
[INFO] The original artifact has been renamed to C:\Users\Administrator\WorkBuddy\2026-08-30-17-19-24\api\target\booking_api-1.0.0.jar.original
[INFO] ------------------------------------------------------------------------
[INFO] BUILD SUCCESS
[INFO] ------------------------------------------------------------------------
[INFO] Total time:  19.747 s
[INFO] Finished at: 2026-09-08T13:33:37+08:00
[INFO] ------------------------------------------------------------------------
