2026-09-07T18:15:50.232+08:00  [] INFO  o.h.validator.internal.util.Version : HV000001: Hibernate Validator 8.0.1.Final
2026-09-07T18:15:50.357+08:00  [] INFO  c.r.SpringBootMergeApplication : Starting SpringBootMergeApplication v1.0.0 using Java 21.0.8 with PID 24808 (C:\Users\Administrator\WorkBuddy\2026-08-30-17-19-24\api\target\booking_api-1.0.0.jar started by Administrator in c:\Users\Administrator\WorkBuddy\2026-08-30-17-19-24)
2026-09-07T18:15:50.359+08:00  [] INFO  c.r.SpringBootMergeApplication : No active profile set, falling back to 1 default profile: "default"
2026-09-07T18:15:56.839+08:00  [] INFO  o.s.b.w.e.tomcat.TomcatWebServer : Tomcat initialized with port 8081 (http)
2026-09-07T18:15:56.862+08:00  [] INFO  o.a.coyote.http11.Http11NioProtocol : Initializing ProtocolHandler ["http-nio-8081"]
2026-09-07T18:15:56.869+08:00  [] INFO  o.a.catalina.core.StandardService : Starting service [Tomcat]
2026-09-07T18:15:56.870+08:00  [] INFO  o.a.catalina.core.StandardEngine : Starting Servlet engine: [Apache Tomcat/10.1.31]
2026-09-07T18:15:56.945+08:00  [] INFO  o.a.c.c.C.[Tomcat].[localhost].[/] : Initializing Spring embedded WebApplicationContext
2026-09-07T18:15:56.946+08:00  [] INFO  o.s.b.w.s.c.ServletWebServerApplicationContext : Root WebApplicationContext: initialization completed in 6237 ms
2026-09-07T18:16:02.339+08:00  [] WARN  o.s.b.a.s.s.UserDetailsServiceAutoConfiguration : 

Using generated security password: 83092d7b-d519-415d-872a-b9a9121b785c

This generated password is for development use only. Your security configuration must be updated before running your application in production.

2026-09-07T18:16:02.347+08:00  [] INFO  o.s.s.c.a.a.c.InitializeUserDetailsBeanManagerConfigurer$InitializeUserDetailsManagerConfigurer : Global AuthenticationManager configured with UserDetailsService bean with name inMemoryUserDetailsManager
2026-09-07T18:16:02.440+08:00  [] INFO  o.s.b.a.w.s.WelcomePageHandlerMapping : Adding welcome page: class path resource [static/index.html]
2026-09-07T18:16:03.947+08:00  [] INFO  o.a.coyote.http11.Http11NioProtocol : Starting ProtocolHandler ["http-nio-8081"]
2026-09-07T18:16:04.431+08:00  [] INFO  o.s.b.w.e.tomcat.TomcatWebServer : Tomcat started on port 8081 (http) with context path '/'
2026-09-07T18:16:04.465+08:00  [] INFO  c.r.SpringBootMergeApplication : Started SpringBootMergeApplication in 15.558 seconds (process running for 16.829)
2026-09-07T18:16:04.719+08:00  [] INFO  com.zaxxer.hikari.HikariDataSource : HikariPool-1 - Starting...
2026-09-07T18:16:05.066+08:00  [] INFO  com.zaxxer.hikari.pool.HikariPool : HikariPool-1 - Added connection com.mysql.cj.jdbc.ConnectionImpl@141334e2
2026-09-07T18:16:05.069+08:00  [] INFO  com.zaxxer.hikari.HikariDataSource : HikariPool-1 - Start completed.
2026-09-07T18:16:06.711+08:00  [] INFO  o.a.c.c.C.[Tomcat].[localhost].[/] : Initializing Spring DispatcherServlet 'dispatcherServlet'
2026-09-07T18:16:06.712+08:00  [] INFO  o.s.web.servlet.DispatcherServlet : Initializing Servlet 'dispatcherServlet'
2026-09-07T18:16:06.713+08:00  [] INFO  o.s.web.servlet.DispatcherServlet : Completed initialization in 1 ms
2026-09-07T19:14:09.634+08:00  [] INFO  o.h.validator.internal.util.Version : HV000001: Hibernate Validator 8.0.1.Final
2026-09-07T19:14:09.767+08:00  [] INFO  c.r.SpringBootMergeApplication : Starting SpringBootMergeApplication v1.0.0 using Java 21.0.8 with PID 17088 (C:\Users\Administrator\WorkBuddy\2026-08-30-17-19-24\api\target\booking_api-1.0.0.jar started by Administrator in c:\Users\Administrator\WorkBuddy\2026-08-30-17-19-24)
2026-09-07T19:14:09.769+08:00  [] INFO  c.r.SpringBootMergeApplication : No active profile set, falling back to 1 default profile: "default"
2026-09-07T19:14:15.463+08:00  [] INFO  o.s.b.w.e.tomcat.TomcatWebServer : Tomcat initialized with port 8081 (http)
2026-09-07T19:14:15.484+08:00  [] INFO  o.a.coyote.http11.Http11NioProtocol : Initializing ProtocolHandler ["http-nio-8081"]
2026-09-07T19:14:15.493+08:00  [] INFO  o.a.catalina.core.StandardService : Starting service [Tomcat]
2026-09-07T19:14:15.494+08:00  [] INFO  o.a.catalina.core.StandardEngine : Starting Servlet engine: [Apache Tomcat/10.1.31]
2026-09-07T19:14:15.575+08:00  [] INFO  o.a.c.c.C.[Tomcat].[localhost].[/] : Initializing Spring embedded WebApplicationContext
2026-09-07T19:14:15.575+08:00  [] INFO  o.s.b.w.s.c.ServletWebServerApplicationContext : Root WebApplicationContext: initialization completed in 5641 ms
2026-09-07T19:14:19.986+08:00  [] WARN  o.s.b.a.s.s.UserDetailsServiceAutoConfiguration : 

Using generated security password: b5cb951a-8177-454f-8cb8-dc5104f99649

This generated password is for development use only. Your security configuration must be updated before running your application in production.

2026-09-07T19:14:20.005+08:00  [] INFO  o.s.s.c.a.a.c.InitializeUserDetailsBeanManagerConfigurer$InitializeUserDetailsManagerConfigurer : Global AuthenticationManager configured with UserDetailsService bean with name inMemoryUserDetailsManager
2026-09-07T19:14:20.176+08:00  [] INFO  o.s.b.a.w.s.WelcomePageHandlerMapping : Adding welcome page: class path resource [static/index.html]
2026-09-07T19:14:21.053+08:00  [] INFO  o.a.coyote.http11.Http11NioProtocol : Starting ProtocolHandler ["http-nio-8081"]
2026-09-07T19:14:21.129+08:00  [] INFO  o.s.b.w.e.tomcat.TomcatWebServer : Tomcat started on port 8081 (http) with context path '/'
2026-09-07T19:14:21.159+08:00  [] INFO  c.r.SpringBootMergeApplication : Started SpringBootMergeApplication in 12.73 seconds (process running for 13.64)
2026-09-07T19:14:21.453+08:00  [] INFO  com.zaxxer.hikari.HikariDataSource : HikariPool-1 - Starting...
2026-09-07T19:14:21.814+08:00  [] INFO  com.zaxxer.hikari.pool.HikariPool : HikariPool-1 - Added connection com.mysql.cj.jdbc.ConnectionImpl@4b9cedee
2026-09-07T19:14:21.818+08:00  [] INFO  com.zaxxer.hikari.HikariDataSource : HikariPool-1 - Start completed.
2026-09-07T19:14:24.017+08:00  [] INFO  o.a.c.c.C.[Tomcat].[localhost].[/] : Initializing Spring DispatcherServlet 'dispatcherServlet'
2026-09-07T19:14:24.017+08:00  [] INFO  o.s.web.servlet.DispatcherServlet : Initializing Servlet 'dispatcherServlet'
2026-09-07T19:14:24.025+08:00  [] INFO  o.s.web.servlet.DispatcherServlet : Completed initialization in 7 ms
2026-09-07T19:35:00.045+08:00  [] INFO  c.r.service.UserSessionService : 清理过期会话, 数量=1
