
  .   ____          _            __ _ _
 /\\ / ___'_ __ _ _(_)_ __  __ _ \ \ \ \
( ( )\___ | '_ | '_| | '_ \/ _` | \ \ \ \
 \\/  ___)| |_)| | | | | || (_| |  ) ) ) )
  '  |____| .__|_| |_|_| |_\__, | / / / /
 =========|_|==============|___/=/_/_/_/

 :: Spring Boot ::                (v3.3.5)

2026-09-08T21:48:49.341+08:00  [] INFO  o.h.validator.internal.util.Version : HV000001: Hibernate Validator 8.0.1.Final
2026-09-08T21:48:49.441+08:00  [] INFO  c.r.SpringBootMergeApplication : Starting SpringBootMergeApplication v1.0.0 using Java 21.0.8 with PID 24820 (C:\Users\Administrator\WorkBuddy\2026-08-30-17-19-24\api\target\booking_api-1.0.0.jar started by Administrator in C:\Users\Administrator\WorkBuddy\2026-08-30-17-19-24\api\target)
2026-09-08T21:48:49.443+08:00  [] INFO  c.r.SpringBootMergeApplication : No active profile set, falling back to 1 default profile: "default"
2026-09-08T21:48:56.197+08:00  [] INFO  o.s.b.w.e.tomcat.TomcatWebServer : Tomcat initialized with port 8081 (http)
2026-09-08T21:48:56.213+08:00  [] INFO  o.a.coyote.http11.Http11NioProtocol : Initializing ProtocolHandler ["http-nio-8081"]
2026-09-08T21:48:56.218+08:00  [] INFO  o.a.catalina.core.StandardService : Starting service [Tomcat]
2026-09-08T21:48:56.219+08:00  [] INFO  o.a.catalina.core.StandardEngine : Starting Servlet engine: [Apache Tomcat/10.1.31]
2026-09-08T21:48:56.353+08:00  [] INFO  o.a.c.c.C.[Tomcat].[localhost].[/] : Initializing Spring embedded WebApplicationContext
2026-09-08T21:48:56.355+08:00  [] INFO  o.s.b.w.s.c.ServletWebServerApplicationContext : Root WebApplicationContext: initialization completed in 6614 ms
 _ _   |_  _ _|_. ___ _ |    _ 
| | |\/|_)(_| | |_\  |_)||_|_\ 
     /               |         
                        3.5.7 
2026-09-08T21:49:03.440+08:00  [] WARN  o.s.b.a.s.s.UserDetailsServiceAutoConfiguration : 

Using generated security password: a1a8ca7b-278c-41d1-bd13-40e39f7691dc

This generated password is for development use only. Your security configuration must be updated before running your application in production.

2026-09-08T21:49:03.451+08:00  [] INFO  o.s.s.c.a.a.c.InitializeUserDetailsBeanManagerConfigurer$InitializeUserDetailsManagerConfigurer : Global AuthenticationManager configured with UserDetailsService bean with name inMemoryUserDetailsManager
2026-09-08T21:49:03.547+08:00  [] INFO  o.s.b.a.w.s.WelcomePageHandlerMapping : Adding welcome page: class path resource [static/index.html]
2026-09-08T21:49:04.491+08:00  [] INFO  o.a.coyote.http11.Http11NioProtocol : Starting ProtocolHandler ["http-nio-8081"]
2026-09-08T21:49:04.880+08:00  [] INFO  o.s.b.w.e.tomcat.TomcatWebServer : Tomcat started on port 8081 (http) with context path '/'
2026-09-08T21:49:05.000+08:00  [] INFO  c.r.SpringBootMergeApplication : Started SpringBootMergeApplication in 16.932 seconds (process running for 18.032)
2026-09-08T21:49:05.382+08:00  [] INFO  com.zaxxer.hikari.HikariDataSource : HikariPool-1 - Starting...
2026-09-08T21:49:05.575+08:00  [] INFO  com.zaxxer.hikari.pool.HikariPool : HikariPool-1 - Added connection com.mysql.cj.jdbc.ConnectionImpl@4511c2ab
2026-09-08T21:49:05.578+08:00  [] INFO  com.zaxxer.hikari.HikariDataSource : HikariPool-1 - Start completed.
2026-09-08T21:56:26.640+08:00  [] INFO  o.a.c.c.C.[Tomcat].[localhost].[/] : Initializing Spring DispatcherServlet 'dispatcherServlet'
2026-09-08T21:56:26.640+08:00  [] INFO  o.s.web.servlet.DispatcherServlet : Initializing Servlet 'dispatcherServlet'
2026-09-08T21:56:26.643+08:00  [] INFO  o.s.web.servlet.DispatcherServlet : Completed initialization in 2 ms
