
  .   ____          _            __ _ _
 /\\ / ___'_ __ _ _(_)_ __  __ _ \ \ \ \
( ( )\___ | '_ | '_| | '_ \/ _` | \ \ \ \
 \\/  ___)| |_)| | | | | || (_| |  ) ) ) )
  '  |____| .__|_| |_|_| |_\__, | / / / /
 =========|_|==============|___/=/_/_/_/

 :: Spring Boot ::                (v3.3.5)

2026-09-08 21:43:18 INFO  --- [main] c.m.MessageCenterApplication : Starting MessageCenterApplication v1.0.0 using Java 21.0.8 with PID 27644 (C:\Users\Administrator\WorkBuddy\2026-08-30-17-19-24\api\message-service\target\message-service-1.0.0.jar started by Administrator in C:\Users\Administrator\WorkBuddy\2026-08-30-17-19-24\api\message-service\target)
2026-09-08 21:43:18 INFO  --- [main] c.m.MessageCenterApplication : No active profile set, falling back to 1 default profile: "default"
2026-09-08 21:43:23 INFO  --- [main] o.s.b.w.e.tomcat.TomcatWebServer : Tomcat initialized with port 8090 (http)
2026-09-08 21:43:23 INFO  --- [main] o.a.catalina.core.StandardService : Starting service [Tomcat]
2026-09-08 21:43:23 INFO  --- [main] o.a.catalina.core.StandardEngine : Starting Servlet engine: [Apache Tomcat/10.1.31]
2026-09-08 21:43:23 INFO  --- [main] o.a.c.c.C.[Tomcat].[localhost].[/] : Initializing Spring embedded WebApplicationContext
2026-09-08 21:43:23 INFO  --- [main] o.s.b.w.s.c.ServletWebServerApplicationContext : Root WebApplicationContext: initialization completed in 4585 ms
 _ _   |_  _ _|_. ___ _ |    _ 
| | |\/|_)(_| | |_\  |_)||_|_\ 
     /               |         
                        3.5.7 
2026-09-08 21:43:25 WARN  --- [main] o.s.b.a.s.s.UserDetailsServiceAutoConfiguration : 

Using generated security password: 4a07d050-9f9f-429e-b53b-e2e1e6601da6

This generated password is for development use only. Your security configuration must be updated before running your application in production.

2026-09-08 21:43:25 INFO  --- [main] o.s.s.c.a.a.c.InitializeUserDetailsBeanManagerConfigurer$InitializeUserDetailsManagerConfigurer : Global AuthenticationManager configured with UserDetailsService bean with name inMemoryUserDetailsManager
2026-09-08 21:43:27 INFO  --- [main] o.s.b.w.e.tomcat.TomcatWebServer : Tomcat started on port 8090 (http) with context path '/'
2026-09-08 21:43:27 INFO  --- [main] c.m.MessageCenterApplication : Started MessageCenterApplication in 9.551 seconds (process running for 10.921)
2026-09-08 21:43:47 INFO  --- [http-nio-8090-exec-1] o.a.c.c.C.[Tomcat].[localhost].[/] : Initializing Spring DispatcherServlet 'dispatcherServlet'
2026-09-08 21:43:47 INFO  --- [http-nio-8090-exec-1] o.s.web.servlet.DispatcherServlet : Initializing Servlet 'dispatcherServlet'
2026-09-08 21:43:47 INFO  --- [http-nio-8090-exec-1] o.s.web.servlet.DispatcherServlet : Completed initialization in 1 ms
2026-09-08 21:46:31 INFO  --- [http-nio-8090-exec-7] com.zaxxer.hikari.HikariDataSource : HikariPool-1 - Starting...
2026-09-08 21:46:32 INFO  --- [http-nio-8090-exec-7] com.zaxxer.hikari.pool.HikariPool : HikariPool-1 - Added connection com.mysql.cj.jdbc.ConnectionImpl@4d6b782c
2026-09-08 21:46:32 INFO  --- [http-nio-8090-exec-7] com.zaxxer.hikari.HikariDataSource : HikariPool-1 - Start completed.
